SURFACE: code context semantic search
INVOCATION: rg "MalformedSQLitePayloadError|settlement_missing_stake|latest_health|daily_reports|system_events" -n src tests .omo/ulw-loop/evidence
tests/test_telegram_bot_config.py:3:Output: test_telegram_interactive_config_defaults_fail_closed, test_telegram_interactive_yaml_overrides_model_defaults, test_persistence_service_restores_daily_reports_and_latest_event
tests/test_telegram_bot_config.py:51:def test_persistence_service_restores_daily_reports_and_latest_event(tmp_path) -> None:
tests/test_telegram_bot_config.py:89:    assert service.restore_daily_reports(limit=1)[0]["report_id"] == report.report_id
tests/test_dashboard.py:4:Output: test_dashboard_readonly_endpoints_return_stored_data, test_dashboard_positions_returns_latest_metadata_first, test_dashboard_health_returns_component_snapshot_from_system_events, test_dashboard_exposes_paper_execution_quality, test_leaderboard_uses_sqlite_report_data, test_leaderboard_recomputes_calibration_status_after_aggregation, test_dashboard_exposes_bounded_strategy_status_rows, test_dashboard_rejects_write_methods
tests/test_dashboard.py:117:    assert isinstance(health.json()["recent_system_events"], list)
tests/test_dashboard.py:249:def test_dashboard_health_returns_component_snapshot_from_system_events(tmp_path) -> None:
tests/test_dashboard.py:281:    assert payload["recent_system_events"][0]["event_id"] == "health-snap-1"
tests/test_nautilus_observability.py:338:        "system_events",
tests/test_nautilus_observability.py:653:    system_events = [
tests/test_nautilus_observability.py:658:    assert len(system_events) == 2
tests/test_nautilus_observability.py:659:    first_event = cast(dict[str, object], system_events[0])
tests/test_nautilus_observability.py:660:    second_event = cast(dict[str, object], system_events[1])
tests/test_nautilus_observability.py:815:        "system_events",
tests/test_nautilus_observability.py:829:def test_event_store_writes_nautilus_order_to_system_events(tmp_path) -> None:
tests/test_nautilus_observability.py:846:    rows = persistence.query_json("system_events", where="WHERE event_type = ? ORDER BY created_at ASC", params=("nautilus_order",))
.omo/ulw-loop/evidence/paper-security-fix-manual-qa.txt:1:settlement_missing_stake=None
.omo/ulw-loop/evidence/paper-security-fix-manual-qa.txt:2:system_events_query=[]
.omo/ulw-loop/evidence/paper-security-fix-manual-qa.txt:3:latest_health=None
.omo/ulw-loop/evidence/paper-security-fix-manual-qa.txt:4:daily_reports=[]
.omo/ulw-loop/evidence/paper-security-fix-manual-qa.txt:5:idempotent_existing_malformed=typed:MalformedSQLitePayloadError
tests/test_telegram_bot_service.py:88:    def restore_daily_reports(self, limit: int = 100) -> list[dict[str, object]]:
tests/test_telegram_bot_service.py:406:    def restore_daily_reports(self, limit: int = 100) -> list[dict[str, object]]:
src/polysignal_lab/nautilus_runtime/observability_persistence.py:112:            "system_events": insert_system_event,
src/polysignal_lab/nautilus_runtime/observability_persistence.py:122:            "health_snapshot": "system_events",
src/polysignal_lab/nautilus_runtime/observability_persistence.py:123:            "system_events": "system_events",
.omo/ulw-loop/evidence/paper-post-security-fix-summary.txt:4:manual_qa=pass missing stake None; malformed system/daily []/None; idempotent typed MalformedSQLitePayloadError
src/polysignal_lab/dashboard/app.py:70:    recent_system_events = store.query_json(
src/polysignal_lab/dashboard/app.py:71:        "system_events",
src/polysignal_lab/dashboard/app.py:82:            "recent_system_events": recent_system_events,
src/polysignal_lab/dashboard/app.py:98:        "recent_system_events": recent_system_events,
src/polysignal_lab/dashboard/app.py:415:        latest_report = store.restore_daily_reports(limit=1)
src/polysignal_lab/dashboard/app.py:454:            "system_events",
src/polysignal_lab/dashboard/app.py:477:            "system_events",
src/polysignal_lab/dashboard/app.py:499:        reports = store.restore_daily_reports(limit=report_limit)
tests/test_storage_restore.py:27:from polysignal_lab.storage.sqlite_store import MalformedSQLitePayloadError, SQLiteStore
tests/test_storage_restore.py:146:    restored_reports = store.restore_daily_reports()
tests/test_storage_restore.py:233:def test_sqlite_store_skips_malformed_system_events(tmp_path: Path) -> None:
tests/test_storage_restore.py:239:            """INSERT INTO system_events(event_id,event_type,severity,created_at,payload_json)
tests/test_storage_restore.py:251:    assert store.query_json("system_events") == []
tests/test_storage_restore.py:256:def test_sqlite_store_skips_malformed_daily_reports(tmp_path: Path) -> None:
tests/test_storage_restore.py:262:            """INSERT INTO daily_reports(
tests/test_storage_restore.py:277:    assert store.restore_daily_reports() == []
tests/test_storage_restore.py:287:            """INSERT INTO system_events(event_id,event_type,severity,created_at,payload_json)
tests/test_storage_restore.py:299:    with pytest.raises(MalformedSQLitePayloadError):
tests/test_storage_restore.py:412:            """INSERT INTO system_events(event_id,event_type,severity,created_at,payload_json)
tests/test_storage_reporting_publish.py:132:        "daily_reports",
tests/test_storage_reporting_publish.py:134:        "system_events",
tests/test_storage_reporting_publish.py:310:    assert store.counts()["daily_reports"] == 1
tests/test_storage_reporting_publish.py:312:    assert store.counts()["system_events"] == 4
src/polysignal_lab/app/_settlement_check.py:164:        scheduler.persistence.append_log("system_events", event)
src/polysignal_lab/app/_settlement_check.py:348:            scheduler.persistence.append_log("system_events", event)
src/polysignal_lab/app/scheduler_reporting.py:176:        "system_events",
src/polysignal_lab/app/scheduler_reporting.py:212:        "system_events",
src/polysignal_lab/app/scheduler_reporting.py:508:        scheduler.persistence.append_log("daily_reports", report)
src/polysignal_lab/app/scheduler_reporting.py:532:        "daily_reports", where="WHERE report_date = ?", params=(today.isoformat(),)
src/polysignal_lab/storage/sqlite_schema.py:100:    CREATE TABLE IF NOT EXISTS daily_reports (
src/polysignal_lab/storage/sqlite_schema.py:121:    CREATE TABLE IF NOT EXISTS system_events (
src/polysignal_lab/storage/sqlite_schema.py:162:    "daily_reports": frozenset({"report_id", "report_date", "total_signals", "total_pnl_usdc", "win_rate", "created_at", "payload_json"}),
src/polysignal_lab/storage/sqlite_schema.py:164:    "system_events": frozenset({"event_id", "event_type", "severity", "created_at", "payload_json"}),
src/polysignal_lab/storage/sqlite_schema.py:188:    "daily_reports",
src/polysignal_lab/storage/sqlite_schema.py:190:    "system_events",
src/polysignal_lab/storage/sqlite_store.py:4:Output: DuplicateRecordError, MalformedSQLitePayloadError, SQLiteStore
src/polysignal_lab/storage/sqlite_store.py:55:class MalformedSQLitePayloadError(RuntimeError):
src/polysignal_lab/storage/sqlite_store.py:350:                "daily_reports",
src/polysignal_lab/storage/sqlite_store.py:372:                "system_events",
src/polysignal_lab/storage/sqlite_store.py:381:            "system_events",
src/polysignal_lab/storage/sqlite_store.py:409:        if table in {"system_events", "daily_reports"}:
src/polysignal_lab/storage/sqlite_store.py:435:            "system_events",
src/polysignal_lab/storage/sqlite_store.py:465:    def restore_daily_reports(self, limit: int = 100) -> list[dict[str, Any]]:
src/polysignal_lab/storage/sqlite_store.py:467:            "daily_reports",
src/polysignal_lab/storage/sqlite_store.py:473:        reports = self.restore_daily_reports(limit=limit)
src/polysignal_lab/storage/sqlite_store.py:513:                raise MalformedSQLitePayloadError(
src/polysignal_lab/app/services/persistence_service.py:93:    def restore_daily_reports(self, limit: int = 100) -> list[dict[str, Any]]:
src/polysignal_lab/app/services/persistence_service.py:94:        return self.sqlite.restore_daily_reports(limit=limit)
src/polysignal_lab/app/services/persistence_service.py:160:                "DELETE FROM daily_reports WHERE report_id = ?",
src/polysignal_lab/publish/telegram_bot.py:418:        reports = self.persistence.restore_daily_reports(limit=1)
EXIT_CODE=0
