SURFACE: evidence artifact non-empty filesystem check
INVOCATION: find .omo/evidence/paper-qa-rerun-7 -maxdepth 1 -type f -printf '%p %s\n'; test -s each referenced artifact and .omo/evidence/paper-qa-rerun-7.md
.omo/evidence/paper-qa-rerun-7/context-rg.log 8393
.omo/evidence/paper-qa-rerun-7/direct-probes.log 397
.omo/evidence/paper-qa-rerun-7/evidence-nonempty.log 212
.omo/evidence/paper-qa-rerun-7/final-scope-check.log 3947
.omo/evidence/paper-qa-rerun-7/protected-refs-docs.log 1342
.omo/evidence/paper-qa-rerun-7/pytest-focused.log 420
.omo/evidence/paper-qa-rerun-7/pytest-system-focused.log 412
.omo/evidence/paper-qa-rerun-7/repo-state.log 7504
 5158 .omo/evidence/paper-qa-rerun-7.md
 8393 .omo/evidence/paper-qa-rerun-7/context-rg.log
  397 .omo/evidence/paper-qa-rerun-7/direct-probes.log
  657 .omo/evidence/paper-qa-rerun-7/evidence-nonempty.log
 3947 .omo/evidence/paper-qa-rerun-7/final-scope-check.log
 1342 .omo/evidence/paper-qa-rerun-7/protected-refs-docs.log
  420 .omo/evidence/paper-qa-rerun-7/pytest-focused.log
  412 .omo/evidence/paper-qa-rerun-7/pytest-system-focused.log
 7504 .omo/evidence/paper-qa-rerun-7/repo-state.log
28230 total
EVIDENCE_NONEMPTY=PASS
EXIT_CODE=0
