SURFACE: protected refs/docs filesystem and git status check
INVOCATION: test -e refs; git status --short -- refs docs/nautilus_reference; git diff --name-status -- refs docs/nautilus_reference; find refs docs/nautilus_reference -maxdepth 2 -type f | head -20
refs_path=absent
git_status_refs_docs_nautilus_reference:
git_diff_refs_docs_nautilus_reference:
protected_files_sample:
docs/nautilus_reference/developer_guide/spec_data_testing.md
docs/nautilus_reference/developer_guide/index.md
docs/nautilus_reference/developer_guide/rust.md
docs/nautilus_reference/developer_guide/spec_exec_testing.md
docs/nautilus_reference/developer_guide/docs.md
docs/nautilus_reference/developer_guide/design_principles.md
docs/nautilus_reference/developer_guide/environment_setup.md
docs/nautilus_reference/developer_guide/ffi.md
docs/nautilus_reference/developer_guide/test_datasets.md
docs/nautilus_reference/developer_guide/benchmarking.md
docs/nautilus_reference/developer_guide/coding_standards.md
docs/nautilus_reference/developer_guide/release_security.md
docs/nautilus_reference/developer_guide/README.md
docs/nautilus_reference/developer_guide/adapters.md
docs/nautilus_reference/developer_guide/testing.md
docs/nautilus_reference/developer_guide/python.md
docs/nautilus_reference/developer_guide/releases.md
PROTECTED_REFS_DOCS=PASS
EXIT_CODE=0
