src/polysignal_lab/app/scheduler.py:3:import asyncio
src/polysignal_lab/app/scheduler.py:154:                except Exception as exc:
src/polysignal_lab/app/scheduler.py:158:        except Exception as exc:
src/polysignal_lab/app/scheduler.py:171:                except Exception as exc:
src/polysignal_lab/app/scheduler.py:200:            except Exception:
src/polysignal_lab/app/scheduler.py:210:            except Exception:
src/polysignal_lab/app/scheduler.py:269:                        except Exception:
src/polysignal_lab/app/scheduler.py:274:        except Exception as exc:
src/polysignal_lab/app/scheduler.py:283:            except Exception:
src/polysignal_lab/app/scheduler.py:306:                            except Exception:
src/polysignal_lab/app/scheduler.py:308:                except Exception:
src/polysignal_lab/app/scheduler.py:404:        except Exception:
src/polysignal_lab/app/scheduler.py:425:        except Exception as exc:
src/polysignal_lab/app/scheduler.py:451:        except Exception as exc:
src/polysignal_lab/app/scheduler.py:465:            except Exception as exc:
src/polysignal_lab/app/scheduler.py:487:        except Exception as exc:
src/polysignal_lab/app/scheduler.py:533:                except Exception:
src/polysignal_lab/app/scheduler.py:572:                    except Exception as exc:
src/polysignal_lab/app/scheduler.py:579:            except Exception as exc:
src/polysignal_lab/app/scheduler.py:633:        except Exception as exc:
src/polysignal_lab/app/scheduler.py:641:        except Exception as exc:
src/polysignal_lab/app/scheduler.py:651:            except Exception as exc:
src/polysignal_lab/app/scheduler.py:700:                    except Exception as exc:
src/polysignal_lab/app/scheduler.py:718:                except Exception as exc:
src/polysignal_lab/app/scheduler.py:741:                    except Exception as exc:
src/polysignal_lab/app/scheduler.py:751:                except Exception as exc:
src/polysignal_lab/app/scheduler.py:761:                    except Exception as exc:
