surface=S4 protected refs/docs check
exact invocation: test -e refs; git status --short -- refs docs/nautilus_reference; git diff --name-status -- refs docs/nautilus_reference; find refs docs/nautilus_reference -maxdepth 2 -type f | head -20

refs_exists_status=1

-- git status --short -- refs docs/nautilus_reference --

-- git diff --name-status -- refs docs/nautilus_reference --

-- sample protected files --
find: ‘refs’: No such file or directory
docs/nautilus_reference/developer_guide/spec_data_testing.md
docs/nautilus_reference/developer_guide/index.md
docs/nautilus_reference/developer_guide/rust.md
docs/nautilus_reference/developer_guide/spec_exec_testing.md
docs/nautilus_reference/developer_guide/docs.md
docs/nautilus_reference/developer_guide/design_principles.md
docs/nautilus_reference/developer_guide/environment_setup.md
docs/nautilus_reference/developer_guide/ffi.md
docs/nautilus_reference/developer_guide/test_datasets.md
docs/nautilus_reference/developer_guide/benchmarking.md
docs/nautilus_reference/developer_guide/coding_standards.md
docs/nautilus_reference/developer_guide/release_security.md
docs/nautilus_reference/developer_guide/README.md
docs/nautilus_reference/developer_guide/adapters.md
docs/nautilus_reference/developer_guide/testing.md
docs/nautilus_reference/developer_guide/python.md
docs/nautilus_reference/developer_guide/releases.md
